This is pdfTeX, Version 3.141592653-2.6-1.40.23 (TeX Live 2021/W32TeX) (preloaded format=pdflatex 2021.12.22)  14 DEC 2022 04:45
entering extended mode
 restricted \write18 enabled.
 %&-line parsing enabled.
**test.tex
(./test.tex
LaTeX2e <2021-11-15> patch level 1
L3 programming layer <2021-11-22>
(c:/texlive/2021/texmf-dist/tex/latex/base/report.cls
Document Class: report 2021/10/04 v1.4n Standard LaTeX document class
(c:/texlive/2021/texmf-dist/tex/latex/base/size11.clo
File: size11.clo 2021/10/04 v1.4n Standard LaTeX file (size option)
)
\c@part=\count183
\c@chapter=\count184
\c@section=\count185
\c@subsection=\count186
\c@subsubsection=\count187
\c@paragraph=\count188
\c@subparagraph=\count189
\c@figure=\count190
\c@table=\count191
\abovecaptionskip=\skip47
\belowcaptionskip=\skip48
\bibindent=\dimen138
)
(c:/texlive/2021/texmf-dist/tex/latex/base/fontenc.sty
Package: fontenc 2021/04/29 v2.0v Standard LaTeX package
)
(c:/texlive/2021/texmf-dist/tex/latex/geometry/geometry.sty
Package: geometry 2020/01/02 v5.9 Page Geometry

(c:/texlive/2021/texmf-dist/tex/latex/graphics/keyval.sty
Package: keyval 2014/10/28 v1.15 key=value parser (DPC)
\KV@toks@=\toks16
)
(c:/texlive/2021/texmf-dist/tex/generic/iftex/ifvtex.sty
Package: ifvtex 2019/10/25 v1.7 ifvtex legacy package. Use iftex instead.

(c:/texlive/2021/texmf-dist/tex/generic/iftex/iftex.sty
Package: iftex 2020/03/06 v1.0d TeX engine tests
))
\Gm@cnth=\count192
\Gm@cntv=\count193
\c@Gm@tempcnt=\count194
\Gm@bindingoffset=\dimen139
\Gm@wd@mp=\dimen140
\Gm@odd@mp=\dimen141
\Gm@even@mp=\dimen142
\Gm@layoutwidth=\dimen143
\Gm@layoutheight=\dimen144
\Gm@layouthoffset=\dimen145
\Gm@layoutvoffset=\dimen146
\Gm@dimlist=\toks17
)
(c:/texlive/2021/texmf-dist/tex/latex/graphics/graphicx.sty
Package: graphicx 2021/09/16 v1.2d Enhanced LaTeX Graphics (DPC,SPQR)

(c:/texlive/2021/texmf-dist/tex/latex/graphics/graphics.sty
Package: graphics 2021/03/04 v1.4d Standard LaTeX Graphics (DPC,SPQR)

(c:/texlive/2021/texmf-dist/tex/latex/graphics/trig.sty
Package: trig 2021/08/11 v1.11 sin cos tan (DPC)
)
(c:/texlive/2021/texmf-dist/tex/latex/graphics-cfg/graphics.cfg
File: graphics.cfg 2016/06/04 v1.11 sample graphics configuration
)
Package graphics Info: Driver file: pdftex.def on input line 107.

(c:/texlive/2021/texmf-dist/tex/latex/graphics-def/pdftex.def
File: pdftex.def 2020/10/05 v1.2a Graphics/color driver for pdftex
))
\Gin@req@height=\dimen147
\Gin@req@width=\dimen148
)
(c:/texlive/2021/texmf-dist/tex/latex/cjk-ko/kotex.sty
Package: kotex 2015/04/19 v1.6 Korean TeX (ko.TeX)

(c:/texlive/2021/texmf-dist/tex/latex/kotex-utf/kotex.cfg)
(c:/texlive/2021/texmf-dist/tex/latex/kotex-utf/kotexutf.sty
Package: kotexutf 2015/07/18 v2.1.1 typesetting UTF-8 Korean documents

(c:/texlive/2021/texmf-dist/tex/latex/base/inputenc.sty
Package: inputenc 2021/02/14 v1.3d Input encoding file
\inpenc@prehook=\toks18
\inpenc@posthook=\toks19
)
(c:/texlive/2021/texmf-dist/tex/plain/kotex-plain/kotexutf-core.tex
\unih@ngulpoint=\count195
\dhucs@emph@raise=\dimen149
)
Now handling font encoding LUC ...
... processing UTF-8 mapping file for font encoding LUC

(c:/texlive/2021/texmf-dist/tex/latex/kotex-utf/lucenc.dfu
File: lucenc.dfu 2007/09/05 UTF-8 support for dhucs
   defining Unicode char U+00B7 (decimal 183)
   defining Unicode char U+2018 (decimal 8216)
   defining Unicode char U+2019 (decimal 8217)
   defining Unicode char U+201C (decimal 8220)
   defining Unicode char U+201D (decimal 8221)
   defining Unicode char U+3001 (decimal 12289)
   defining Unicode char U+3002 (decimal 12290)
   defining Unicode char U+3008 (decimal 12296)
   defining Unicode char U+3009 (decimal 12297)
   defining Unicode char U+300A (decimal 12298)
   defining Unicode char U+300B (decimal 12299)
   defining Unicode char U+300C (decimal 12300)
   defining Unicode char U+300D (decimal 12301)
   defining Unicode char U+300E (decimal 12302)
   defining Unicode char U+300F (decimal 12303)
   defining Unicode char U+3010 (decimal 12304)
   defining Unicode char U+3011 (decimal 12305)
   defining Unicode char U+3014 (decimal 12308)
   defining Unicode char U+3015 (decimal 12309)
   defining Unicode char U+3016 (decimal 12310)
   defining Unicode char U+3017 (decimal 12311)
   defining Unicode char U+3018 (decimal 12312)
   defining Unicode char U+3019 (decimal 12313)
   defining Unicode char U+301A (decimal 12314)
   defining Unicode char U+301B (decimal 12315)
   defining Unicode char U+FF01 (decimal 65281)
   defining Unicode char U+FF08 (decimal 65288)
   defining Unicode char U+FF09 (decimal 65289)
   defining Unicode char U+FF0C (decimal 65292)
   defining Unicode char U+FF0E (decimal 65294)
   defining Unicode char U+FF1A (decimal 65306)
   defining Unicode char U+FF1B (decimal 65307)
   defining Unicode char U+FF1C (decimal 65308)
   defining Unicode char U+FF1D (decimal 65309)
   defining Unicode char U+FF1E (decimal 65310)
   defining Unicode char U+FF1F (decimal 65311)
   defining Unicode char U+FF3B (decimal 65339)
   defining Unicode char U+FF3D (decimal 65341)
   defining Unicode char U+FF5B (decimal 65371)
   defining Unicode char U+FF5D (decimal 65373)
   defining Unicode char U+FF61 (decimal 65377)
   defining Unicode char U+FF62 (decimal 65378)
   defining Unicode char U+FF63 (decimal 65379)
   defining Unicode char U+FF64 (decimal 65380)
   defining Unicode char U+FF65 (decimal 65381)
)
\@josa=\count196
\josatoks=\toks20

(c:/texlive/2021/texmf-dist/tex/latex/cjk-ko/kolabels-utf.sty
Package: kolabels-utf 2015/03/20 v1.5 UTF-8 Hangul item labels
)))
(c:/texlive/2021/texmf-dist/tex/latex/imakeidx/imakeidx.sty
Package: imakeidx 2016/10/15 v1.3e Package for typesetting indices in a synchro
nous mode

(c:/texlive/2021/texmf-dist/tex/latex/xkeyval/xkeyval.sty
Package: xkeyval 2020/11/20 v2.8 package option processing (HA)

(c:/texlive/2021/texmf-dist/tex/generic/xkeyval/xkeyval.tex
(c:/texlive/2021/texmf-dist/tex/generic/xkeyval/xkvutils.tex
\XKV@toks=\toks21
\XKV@tempa@toks=\toks22
)
\XKV@depth=\count197
File: xkeyval.tex 2014/12/03 v2.7a key=value parser (HA)
))
(c:/texlive/2021/texmf-dist/tex/generic/iftex/ifxetex.sty
Package: ifxetex 2019/10/25 v0.7 ifxetex legacy package. Use iftex instead.
)
(c:/texlive/2021/texmf-dist/tex/generic/iftex/ifluatex.sty
Package: ifluatex 2019/10/25 v1.5 ifluatex legacy package. Use iftex instead.
)
(c:/texlive/2021/texmf-dist/tex/latex/tools/multicol.sty
Package: multicol 2021/10/28 v1.9b multicolumn formatting (FMi)
\c@tracingmulticols=\count198
\mult@box=\box50
\multicol@leftmargin=\dimen150
\c@unbalance=\count199
\c@collectmore=\count266
\doublecol@number=\count267
\multicoltolerance=\count268
\multicolpretolerance=\count269
\full@width=\dimen151
\page@free=\dimen152
\premulticols=\dimen153
\postmulticols=\dimen154
\multicolsep=\skip49
\multicolbaselineskip=\skip50
\partial@page=\box51
\last@line=\box52
\maxbalancingoverflow=\dimen155
\mult@rightbox=\box53
\mult@grightbox=\box54
\mult@firstbox=\box55
\mult@gfirstbox=\box56
\@tempa=\box57
\@tempa=\box58
\@tempa=\box59
\@tempa=\box60
\@tempa=\box61
\@tempa=\box62
\@tempa=\box63
\@tempa=\box64
\@tempa=\box65
\@tempa=\box66
\@tempa=\box67
\@tempa=\box68
\@tempa=\box69
\@tempa=\box70
\@tempa=\box71
\@tempa=\box72
\@tempa=\box73
\@tempa=\box74
\@tempa=\box75
\@tempa=\box76
\@tempa=\box77
\@tempa=\box78
\@tempa=\box79
\@tempa=\box80
\@tempa=\box81
\@tempa=\box82
\@tempa=\box83
\@tempa=\box84
\@tempa=\box85
\@tempa=\box86
\@tempa=\box87
\@tempa=\box88
\@tempa=\box89
\@tempa=\box90
\@tempa=\box91
\@tempa=\box92
\c@minrows=\count270
\c@columnbadness=\count271
\c@finalcolumnbadness=\count272
\last@try=\dimen156
\multicolovershoot=\dimen157
\multicolundershoot=\dimen158
\mult@nat@firstbox=\box93
\colbreak@box=\box94
\mc@col@check@num=\count273
))
(c:/texlive/2021/texmf-dist/tex/latex/titlesec/titlesec.sty
Package: titlesec 2021/07/05 v2.14 Sectioning titles
\ttl@box=\box95
\beforetitleunit=\skip51
\aftertitleunit=\skip52
\ttl@plus=\dimen159
\ttl@minus=\dimen160
\ttl@toksa=\toks23
\titlewidth=\dimen161
\titlewidthlast=\dimen162
\titlewidthfirst=\dimen163
)
(c:/texlive/2021/texmf-dist/tex/latex/tools/array.sty
Package: array 2021/10/04 v2.5f Tabular extension package (FMi)
\col@sep=\dimen164
\ar@mcellbox=\box96
\extrarowheight=\dimen165
\NC@list=\toks24
\extratabsurround=\skip53
\backup@length=\skip54
\ar@cellbox=\box97
)
(c:/texlive/2021/texmf-dist/tex/latex/amsmath/amsmath.sty
Package: amsmath 2021/10/15 v2.17l AMS math features
\@mathmargin=\skip55

For additional information on amsmath, use the `?' option.
(c:/texlive/2021/texmf-dist/tex/latex/amsmath/amstext.sty
Package: amstext 2021/08/26 v2.01 AMS text

(c:/texlive/2021/texmf-dist/tex/latex/amsmath/amsgen.sty
File: amsgen.sty 1999/11/30 v2.0 generic functions
\@emptytoks=\toks25
\ex@=\dimen166
))
(c:/texlive/2021/texmf-dist/tex/latex/amsmath/amsbsy.sty
Package: amsbsy 1999/11/29 v1.2d Bold Symbols
\pmbraise@=\dimen167
)
(c:/texlive/2021/texmf-dist/tex/latex/amsmath/amsopn.sty
Package: amsopn 2021/08/26 v2.02 operator names
)
\inf@bad=\count274
LaTeX Info: Redefining \frac on input line 234.
\uproot@=\count275
\leftroot@=\count276
LaTeX Info: Redefining \overline on input line 399.
\classnum@=\count277
\DOTSCASE@=\count278
LaTeX Info: Redefining \ldots on input line 496.
LaTeX Info: Redefining \dots on input line 499.
LaTeX Info: Redefining \cdots on input line 620.
\Mathstrutbox@=\box98
\strutbox@=\box99
\big@size=\dimen168
LaTeX Font Info:    Redeclaring font encoding OML on input line 743.
LaTeX Font Info:    Redeclaring font encoding OMS on input line 744.
\macc@depth=\count279
\c@MaxMatrixCols=\count280
\dotsspace@=\muskip16
\c@parentequation=\count281
\dspbrk@lvl=\count282
\tag@help=\toks26
\row@=\count283
\column@=\count284
\maxfields@=\count285
\andhelp@=\toks27
\eqnshift@=\dimen169
\alignsep@=\dimen170
\tagshift@=\dimen171
\tagwidth@=\dimen172
\totwidth@=\dimen173
\lineht@=\dimen174
\@envbody=\toks28
\multlinegap=\skip56
\multlinetaggap=\skip57
\mathdisplay@stack=\toks29
LaTeX Info: Redefining \[ on input line 2938.
LaTeX Info: Redefining \] on input line 2939.
)
(c:/texlive/2021/texmf-dist/tex/latex/amscls/amsthm.sty
Package: amsthm 2020/05/29 v2.20.6
\thm@style=\toks30
\thm@bodyfont=\toks31
\thm@headfont=\toks32
\thm@notefont=\toks33
\thm@headpunct=\toks34
\thm@preskip=\skip58
\thm@postskip=\skip59
\thm@headsep=\skip60
\dth@everypar=\toks35
)
(c:/texlive/2021/texmf-dist/tex/latex/amsfonts/amssymb.sty
Package: amssymb 2013/01/14 v3.01 AMS font symbols

(c:/texlive/2021/texmf-dist/tex/latex/amsfonts/amsfonts.sty
Package: amsfonts 2013/01/14 v3.01 Basic AMSFonts support
\symAMSa=\mathgroup4
\symAMSb=\mathgroup5
LaTeX Font Info:    Redeclaring math symbol \hbar on input line 98.
LaTeX Font Info:    Overwriting math alphabet `\mathfrak' in version `bold'
(Font)                  U/euf/m/n --> U/euf/b/n on input line 106.
))
(c:/texlive/2021/texmf-dist/tex/latex/jknapltx/mathrsfs.sty
Package: mathrsfs 1996/01/01 Math RSFS package v1.0 (jk)
\symrsfs=\mathgroup6
)
(c:/texlive/2021/texmf-dist/tex/latex/multirow/multirow.sty
Package: multirow 2021/03/15 v2.8 Span multiple rows of a table
\multirow@colwidth=\skip61
\multirow@cntb=\count286
\multirow@dima=\skip62
\bigstrutjot=\dimen175
)
(c:/texlive/2021/texmf-dist/tex/latex/tools/verbatim.sty
Package: verbatim 2020-07-07 v1.5u LaTeX2e package for verbatim enhancements
\every@verbatim=\toks36
\verbatim@line=\toks37
\verbatim@in@stream=\read2
)
(c:/texlive/2021/texmf-dist/tex/latex/xurl/xurl.sty
Package: xurl 2020/12/30 v 0.09a modify URL breaks

(c:/texlive/2021/texmf-dist/tex/latex/url/url.sty
\Urlmuskip=\muskip17
Package: url 2013/09/16  ver 3.4  Verb mode for urls, etc.
))
(c:/texlive/2021/texmf-dist/tex/latex/tools/indentfirst.sty
Package: indentfirst 1995/11/23 v1.03 Indent first paragraph (DPC)
)
(c:/texlive/2021/texmf-dist/tex/latex/booktabs/booktabs.sty
Package: booktabs 2020/01/12 v1.61803398 Publication quality tables
\heavyrulewidth=\dimen176
\lightrulewidth=\dimen177
\cmidrulewidth=\dimen178
\belowrulesep=\dimen179
\belowbottomsep=\dimen180
\aboverulesep=\dimen181
\abovetopsep=\dimen182
\cmidrulesep=\dimen183
\cmidrulekern=\dimen184
\defaultaddspace=\dimen185
\@cmidla=\count287
\@cmidlb=\count288
\@aboverulesep=\dimen186
\@belowrulesep=\dimen187
\@thisruleclass=\count289
\@lastruleclass=\count290
\@thisrulewidth=\dimen188
)
(c:/texlive/2021/texmf-dist/tex/latex/ragged2e/ragged2e.sty
Package: ragged2e 2021/12/15 v3.1 ragged2e Package
\CenteringLeftskip=\skip63
\RaggedLeftLeftskip=\skip64
\RaggedRightLeftskip=\skip65
\CenteringRightskip=\skip66
\RaggedLeftRightskip=\skip67
\RaggedRightRightskip=\skip68
\CenteringParfillskip=\skip69
\RaggedLeftParfillskip=\skip70
\RaggedRightParfillskip=\skip71
\JustifyingParfillskip=\skip72
\CenteringParindent=\skip73
\RaggedLeftParindent=\skip74
\RaggedRightParindent=\skip75
\JustifyingParindent=\skip76
)
(c:/texlive/2021/texmf-dist/tex/latex/setspace/setspace.sty
Package: setspace 2011/12/19 v6.7a set line spacing
)
\c@theorem=\count291
\c@definition=\count292
\test@idxfile=\write3
\openout3 = `test.idx'.


Writing index file test.idx
(c:/texlive/2021/texmf-dist/tex/latex/l3backend/l3backend-pdftex.def
File: l3backend-pdftex.def 2021-12-14 L3 backend support: PDF output (pdfTeX)
\l__color_backend_stack_int=\count293
\l__pdf_internal_box=\box100
)
(./test.aux)
\openout1 = `test.aux'.

LaTeX Font Info:    Checking defaults for OML/cmm/m/it on input line 26.
LaTeX Font Info:    ... okay on input line 26.
LaTeX Font Info:    Checking defaults for OMS/cmsy/m/n on input line 26.
LaTeX Font Info:    ... okay on input line 26.
LaTeX Font Info:    Checking defaults for OT1/cmr/m/n on input line 26.
LaTeX Font Info:    ... okay on input line 26.
LaTeX Font Info:    Checking defaults for T1/cmr/m/n on input line 26.
LaTeX Font Info:    ... okay on input line 26.
LaTeX Font Info:    Checking defaults for TS1/cmr/m/n on input line 26.
LaTeX Font Info:    ... okay on input line 26.
LaTeX Font Info:    Checking defaults for OMX/cmex/m/n on input line 26.
LaTeX Font Info:    ... okay on input line 26.
LaTeX Font Info:    Checking defaults for U/cmr/m/n on input line 26.
LaTeX Font Info:    ... okay on input line 26.
LaTeX Font Info:    Checking defaults for LUC/nanummj/m/n on input line 26.
LaTeX Font Info:    Trying to load font information for LUC+nanummj on input li
ne 26.
 (c:/texlive/2021/texmf-dist/tex/latex/nanumtype1/lucnanummj.fd
File: lucnanummj.fd 2013/02/12 v0.1 Nanum Myeongjo font definitions
)
LaTeX Font Info:    ... okay on input line 26.

*geometry* driver: auto-detecting
*geometry* detected driver: pdftex
*geometry* verbose mode - [ preamble ] result:
* driver: pdftex
* paper: b5paper
* layout: <same size as paper>
* layoutoffset:(h,v)=(0.0pt,0.0pt)
* modes: 
* h-part:(L,W,R)=(85.35826pt, 330.05197pt, 85.35826pt)
* v-part:(T,H,B)=(85.35826pt, 540.60237pt, 85.35826pt)
* \paperwidth=500.7685pt
* \paperheight=711.3189pt
* \textwidth=330.05197pt
* \textheight=540.60237pt
* \oddsidemargin=13.08827pt
* \evensidemargin=13.08827pt
* \topmargin=-23.91173pt
* \headheight=12.0pt
* \headsep=25.0pt
* \topskip=11.0pt
* \footskip=30.0pt
* \marginparwidth=59.0pt
* \marginparsep=10.0pt
* \columnsep=10.0pt
* \skip\footins=10.0pt plus 4.0pt minus 2.0pt
* \hoffset=0.0pt
* \voffset=0.0pt
* \mag=1000
* \@twocolumnfalse
* \@twosidefalse
* \@mparswitchfalse
* \@reversemarginfalse
* (1in=72.27pt=25.4mm, 1cm=28.453pt)

(c:/texlive/2021/texmf-dist/tex/context/base/mkii/supp-pdf.mkii
[Loading MPS to PDF converter (version 2006.09.02).]
\scratchcounter=\count294
\scratchdimen=\dimen189
\scratchbox=\box101
\nofMPsegments=\count295
\nofMParguments=\count296
\everyMPshowfont=\toks38
\MPscratchCnt=\count297
\MPscratchDim=\dimen190
\MPnumerator=\count298
\makeMPintoPDFobject=\count299
\everyMPtoPDFconversion=\toks39
) (c:/texlive/2021/texmf-dist/tex/latex/epstopdf-pkg/epstopdf-base.sty
Package: epstopdf-base 2020-01-24 v2.11 Base part for package epstopdf
Package epstopdf-base Info: Redefining graphics rule for `.eps' on input line 4
85.

(c:/texlive/2021/texmf-dist/tex/latex/latexconfig/epstopdf-sys.cfg
File: epstopdf-sys.cfg 2010/07/13 v1.3 Configuration of (r)epstopdf for TeX Liv
e
)) [1

{c:/texlive/2021/texmf-var/fonts/map/pdftex/updmap/pdftex.map}] [2] [3] [4] [5]

[6]

Package geometry Warning: `b5paper': not available in `\newgeometry'; skipped.

*geometry* verbose mode - [ newgeometry ] result:
* driver: pdftex
* paper: b5paper
* layout: <same size as paper>
* layoutoffset:(h,v)=(0.0pt,0.0pt)
* modes: 
* h-part:(L,W,R)=(56.9055pt, 386.95749pt, 56.9055pt)
* v-part:(T,H,B)=(85.35826pt, 540.60237pt, 85.35826pt)
* \paperwidth=500.7685pt
* \paperheight=711.3189pt
* \textwidth=386.95749pt
* \textheight=540.60237pt
* \oddsidemargin=-15.36449pt
* \evensidemargin=-15.36449pt
* \topmargin=-23.91173pt
* \headheight=12.0pt
* \headsep=25.0pt
* \topskip=11.0pt
* \footskip=30.0pt
* \marginparwidth=59.0pt
* \marginparsep=10.0pt
* \columnsep=10.0pt
* \skip\footins=10.0pt plus 4.0pt minus 2.0pt
* \hoffset=0.0pt
* \voffset=0.0pt
* \mag=1000
* \@twocolumnfalse
* \@twosidefalse
* \@mparswitchfalse
* \@reversemarginfalse
* (1in=72.27pt=25.4mm, 1cm=28.453pt)

[1

] [2] [3]
LaTeX Font Info:    Trying to load font information for LUC+uhcmj on input line
 153.
 (c:/texlive/2021/texmf-dist/tex/latex/kotex-utf/lucuhcmj.fd
File: lucuhcmj.fd 2013/09/26 UHC Myeongjo font definitions
)
LaTeX Font Info:    Trying to load font information for T1+cmtt on input line 1
60.

(c:/texlive/2021/texmf-dist/tex/latex/base/t1cmtt.fd
File: t1cmtt.fd 2019/12/16 v2.5j Standard LaTeX font definitions
)
LaTeX Font Info:    Trying to load font information for U+msa on input line 160
.

(c:/texlive/2021/texmf-dist/tex/latex/amsfonts/umsa.fd
File: umsa.fd 2013/01/14 v3.01 AMS symbols A
)
LaTeX Font Info:    Trying to load font information for U+msb on input line 160
.

(c:/texlive/2021/texmf-dist/tex/latex/amsfonts/umsb.fd
File: umsb.fd 2013/01/14 v3.01 AMS symbols B
)
LaTeX Font Info:    Trying to load font information for U+rsfs on input line 16
0.

(c:/texlive/2021/texmf-dist/tex/latex/jknapltx/ursfs.fd
File: ursfs.fd 1998/03/24 rsfs font definition file (jk)
) [4

] [5

] (./test.toc
[6

])
\tf@toc=\write4
\openout4 = `test.toc'.

 [7] (./test.lot)
\tf@lot=\write5
\openout5 = `test.lot'.

 [8

] (./test.lof)
\tf@lof=\write6
\openout6 = `test.lof'.

 [9

]
Overfull \hbox (2.30186pt too wide) in paragraph at lines 206--215
[][] 
 []

[10

]
LaTeX Font Info:    Trying to load font information for LUC+nanumgt on input li
ne 236.
 (c:/texlive/2021/texmf-dist/tex/latex/nanumtype1/lucnanumgt.fd
File: lucnanumgt.fd 2013/02/12 v0.1 Nanum Gothic font definitions
)
Overfull \hbox (2.44379pt too wide) in paragraph at lines 237--237
[]\LUC/nanummj/m/n/10.95/ad ø\LUC/nanummj/m/n/10.95/b9 ¬\LUC/nanummj/m/n/10.95/
ac à \LUC/nanummj/m/n/10.95/c8 ^^H\T1/cmr/m/n/10.95 , \LUC/nanummj/m/n/10.95/d5
 m\LUC/nanummj/m/n/10.95/c7 D \LUC/nanummj/m/n/10.95/d4 \\LUC/nanummj/m/n/10.95
/c2 Ü\LUC/nanummj/m/n/10.95/d5 ` \LUC/nanummj/m/n/10.95/b5 L \LUC/nanummj/m/n/1
0.95/c7 ¥X \LUC/nanummj/m/n/10.95/bc ˆ\LUC/nanummj/m/n/10.95/d6 8\LUC/nanummj/m
/n/10.95/b9 | \LUC/nanummj/m/n/10.95/bd €\LUC/nanummj/m/n/10.95/c5 ì\LUC/nanumm
j/m/n/10.95/d5 X\LUC/nanummj/m/n/10.95/ae 0 \LUC/nanummj/m/n/10.95/c7 ^^D\LUC/n
anummj/m/n/10.95/d5 t [][]\T1/cmtt/m/n/10.95 \setcounter{chapter}{\LUC/nanumgt/
m/n/10.95/c7 ¥
 []

[1

] [2]
Overfull \hbox (2.44379pt too wide) in paragraph at lines 260--260
[]\LUC/nanummj/m/n/10.95/ad ø\LUC/nanummj/m/n/10.95/b9 ¬\LUC/nanummj/m/n/10.95/
ac à \LUC/nanummj/m/n/10.95/c8 ^^H\T1/cmr/m/n/10.95 , \LUC/nanummj/m/n/10.95/d5
 m\LUC/nanummj/m/n/10.95/c7 D \LUC/nanummj/m/n/10.95/d4 \\LUC/nanummj/m/n/10.95
/c2 Ü\LUC/nanummj/m/n/10.95/d5 ` \LUC/nanummj/m/n/10.95/b5 L \LUC/nanummj/m/n/1
0.95/c7 ¥X \LUC/nanummj/m/n/10.95/bc ˆ\LUC/nanummj/m/n/10.95/d6 8\LUC/nanummj/m
/n/10.95/b9 | \LUC/nanummj/m/n/10.95/bd €\LUC/nanummj/m/n/10.95/c5 ì\LUC/nanumm
j/m/n/10.95/d5 X\LUC/nanummj/m/n/10.95/ae 0 \LUC/nanummj/m/n/10.95/c7 ^^D\LUC/n
anummj/m/n/10.95/d5 t [][]\T1/cmtt/m/n/10.95 \setcounter{chapter}{\LUC/nanumgt/
m/n/10.95/c7 ¥
 []

[3

] [4] [5] [6] [7] [8

] [9

]
Underfull \hbox (badness 10000) in paragraph at lines 414--414
|\LUC/nanummj/bx/n/20.74/bd €\LUC/nanummj/bx/n/20.74/b8 ]|
 []

[10

]
runsystem(makeindex test.idx)...executed safely (allowed).

 (./test.ind) [11


] (./test.aux) ) 
Here is how much of TeX's memory you used:
 5640 strings out of 478353
 88197 string characters out of 5852100
 389211 words of memory out of 5000000
 23533 multiletter control sequences out of 15000+600000
 477666 words of font info for 259 fonts, out of 8000000 for 9000
 1141 hyphenation exceptions out of 8191
 56i,13n,62p,735b,447s stack positions out of 5000i,500n,10000p,200000b,80000s
{c:/texlive/2021/texmf-dist/fonts/enc/dvips/cm-super/cm-super-t
1.enc}{c:/texlive/2021/texmf-dist/fonts/enc/dvips/cm-super/cm-super-ts1.enc}<c:
/texlive/2021/texmf-dist/fonts/type1/public/amsfonts/cm/cmmi10.pfb><c:/texlive/
2021/texmf-dist/fonts/type1/public/amsfonts/cm/cmmi8.pfb><c:/texlive/2021/texmf
-dist/fonts/type1/public/amsfonts/cm/cmr10.pfb><c:/texlive/2021/texmf-dist/font
s/type1/public/amsfonts/cm/cmr8.pfb><c:/texlive/2021/texmf-dist/fonts/type1/pub
lic/amsfonts/cm/cmsy10.pfb><c:/texlive/2021/texmf-dist/fonts/type1/public/nanum
type1/nanumgtmba.pfb><c:/texlive/2021/texmf-dist/fonts/type1/public/nanumtype1/
nanumgtmbc.pfb><c:/texlive/2021/texmf-dist/fonts/type1/public/nanumtype1/nanumg
tmc7.pfb><c:/texlive/2021/texmf-dist/fonts/type1/public/nanumtype1/nanumgtmc8.p
fb><c:/texlive/2021/texmf-dist/fonts/type1/public/nanumtype1/nanumgtmd5.pfb><c:
/texlive/2021/texmf-dist/fonts/type1/public/nanumtype1/nanumgtmd6.pfb><c:/texli
ve/2021/texmf-dist/fonts/type1/public/nanumtype1/nanummjbac.pfb><c:/texlive/202
1/texmf-dist/fonts/type1/public/nanumtype1/nanummjbad.pfb><c:/texlive/2021/texm
f-dist/fonts/type1/public/nanumtype1/nanummjbae.pfb><c:/texlive/2021/texmf-dist
/fonts/type1/public/nanumtype1/nanummjbaf.pfb><c:/texlive/2021/texmf-dist/fonts
/type1/public/nanumtype1/nanummjbb1.pfb><c:/texlive/2021/texmf-dist/fonts/type1
/public/nanumtype1/nanummjbb8.pfb><c:/texlive/2021/texmf-dist/fonts/type1/publi
c/nanumtype1/nanummjbb9.pfb><c:/texlive/2021/texmf-dist/fonts/type1/public/nanu
mtype1/nanummjbba.pfb><c:/texlive/2021/texmf-dist/fonts/type1/public/nanumtype1
/nanummjbbb.pfb><c:/texlive/2021/texmf-dist/fonts/type1/public/nanumtype1/nanum
mjbbc.pfb><c:/texlive/2021/texmf-dist/fonts/type1/public/nanumtype1/nanummjbbd.
pfb><c:/texlive/2021/texmf-dist/fonts/type1/public/nanumtype1/nanummjbc0.pfb><c
:/texlive/2021/texmf-dist/fonts/type1/public/nanumtype1/nanummjbc1.pfb><c:/texl
ive/2021/texmf-dist/fonts/type1/public/nanumtype1/nanummjbc2.pfb><c:/texlive/20
21/texmf-dist/fonts/type1/public/nanumtype1/nanummjbc5.pfb><c:/texlive/2021/tex
mf-dist/fonts/type1/public/nanumtype1/nanummjbc6.pfb><c:/texlive/2021/texmf-dis
t/fonts/type1/public/nanumtype1/nanummjbc7.pfb><c:/texlive/2021/texmf-dist/font
s/type1/public/nanumtype1/nanummjbc8.pfb><c:/texlive/2021/texmf-dist/fonts/type
1/public/nanumtype1/nanummjbc9.pfb><c:/texlive/2021/texmf-dist/fonts/type1/publ
ic/nanumtype1/nanummjbcc.pfb><c:/texlive/2021/texmf-dist/fonts/type1/public/nan
umtype1/nanummjbcd.pfb><c:/texlive/2021/texmf-dist/fonts/type1/public/nanumtype
1/nanummjbd0.pfb><c:/texlive/2021/texmf-dist/fonts/type1/public/nanumtype1/nanu
mmjbd3.pfb><c:/texlive/2021/texmf-dist/fonts/type1/public/nanumtype1/nanummjbd4
.pfb><c:/texlive/2021/texmf-dist/fonts/type1/public/nanumtype1/nanummjbd5.pfb><
c:/texlive/2021/texmf-dist/fonts/type1/public/nanumtype1/nanummjbd6.pfb><c:/tex
live/2021/texmf-dist/fonts/type1/public/nanumtype1/nanummjmac.pfb><c:/texlive/2
021/texmf-dist/fonts/type1/public/nanumtype1/nanummjmad.pfb><c:/texlive/2021/te
xmf-dist/fonts/type1/public/nanumtype1/nanummjmae.pfb><c:/texlive/2021/texmf-di
st/fonts/type1/public/nanumtype1/nanummjmaf.pfb><c:/texlive/2021/texmf-dist/fon
ts/type1/public/nanumtype1/nanummjmb0.pfb><c:/texlive/2021/texmf-dist/fonts/typ
e1/public/nanumtype1/nanummjmb1.pfb><c:/texlive/2021/texmf-dist/fonts/type1/pub
lic/nanumtype1/nanummjmb2.pfb><c:/texlive/2021/texmf-dist/fonts/type1/public/na
numtype1/nanummjmb3.pfb><c:/texlive/2021/texmf-dist/fonts/type1/public/nanumtyp
e1/nanummjmb4.pfb><c:/texlive/2021/texmf-dist/fonts/type1/public/nanumtype1/nan
ummjmb5.pfb><c:/texlive/2021/texmf-dist/fonts/type1/public/nanumtype1/nanummjmb
6.pfb><c:/texlive/2021/texmf-dist/fonts/type1/public/nanumtype1/nanummjmb7.pfb>
<c:/texlive/2021/texmf-dist/fonts/type1/public/nanumtype1/nanummjmb8.pfb><c:/te
xlive/2021/texmf-dist/fonts/type1/public/nanumtype1/nanummjmb9.pfb><c:/texlive/
2021/texmf-dist/fonts/type1/public/nanumtype1/nanummjmba.pfb><c:/texlive/2021/t
exmf-dist/fonts/type1/public/nanumtype1/nanummjmbb.pfb><c:/texlive/2021/texmf-d
ist/fonts/type1/public/nanumtype1/nanummjmbc.pfb><c:/texlive/2021/texmf-dist/fo
nts/type1/public/nanumtype1/nanummjmbd.pfb><c:/texlive/2021/texmf-dist/fonts/ty
pe1/public/nanumtype1/nanummjmbe.pfb><c:/texlive/2021/texmf-dist/fonts/type1/pu
blic/nanumtype1/nanummjmbf.pfb><c:/texlive/2021/texmf-dist/fonts/type1/public/n
anumtype1/nanummjmc0.pfb><c:/texlive/2021/texmf-dist/fonts/type1/public/nanumty
pe1/nanummjmc1.pfb><c:/texlive/2021/texmf-dist/fonts/type1/public/nanumtype1/na
nummjmc2.pfb><c:/texlive/2021/texmf-dist/fonts/type1/public/nanumtype1/nanummjm
c4.pfb><c:/texlive/2021/texmf-dist/fonts/type1/public/nanumtype1/nanummjmc5.pfb
><c:/texlive/2021/texmf-dist/fonts/type1/public/nanumtype1/nanummjmc6.pfb><c:/t
exlive/2021/texmf-dist/fonts/type1/public/nanumtype1/nanummjmc7.pfb><c:/texlive
/2021/texmf-dist/fonts/type1/public/nanumtype1/nanummjmc8.pfb><c:/texlive/2021/
texmf-dist/fonts/type1/public/nanumtype1/nanummjmc9.pfb><c:/texlive/2021/texmf-
dist/fonts/type1/public/nanumtype1/nanummjmca.pfb><c:/texlive/2021/texmf-dist/f
onts/type1/public/nanumtype1/nanummjmcc.pfb><c:/texlive/2021/texmf-dist/fonts/t
ype1/public/nanumtype1/nanummjmcd.pfb><c:/texlive/2021/texmf-dist/fonts/type1/p
ublic/nanumtype1/nanummjmce.pfb><c:/texlive/2021/texmf-dist/fonts/type1/public/
nanumtype1/nanummjmd0.pfb><c:/texlive/2021/texmf-dist/fonts/type1/public/nanumt
ype1/nanummjmd1.pfb><c:/texlive/2021/texmf-dist/fonts/type1/public/nanumtype1/n
anummjmd2.pfb><c:/texlive/2021/texmf-dist/fonts/type1/public/nanumtype1/nanummj
md3.pfb><c:/texlive/2021/texmf-dist/fonts/type1/public/nanumtype1/nanummjmd4.pf
b><c:/texlive/2021/texmf-dist/fonts/type1/public/nanumtype1/nanummjmd5.pfb><c:/
texlive/2021/texmf-dist/fonts/type1/public/nanumtype1/nanummjmd6.pfb><c:/texliv
e/2021/texmf-dist/fonts/type1/public/cm-super/sfbx1095.pfb><c:/texlive/2021/tex
mf-dist/fonts/type1/public/cm-super/sfbx1200.pfb><c:/texlive/2021/texmf-dist/fo
nts/type1/public/cm-super/sfbx1440.pfb><c:/texlive/2021/texmf-dist/fonts/type1/
public/cm-super/sfbx1728.pfb><c:/texlive/2021/texmf-dist/fonts/type1/public/cm-
super/sfbx2074.pfb><c:/texlive/2021/texmf-dist/fonts/type1/public/cm-super/sfrm
0600.pfb><c:/texlive/2021/texmf-dist/fonts/type1/public/cm-super/sfrm0800.pfb><
c:/texlive/2021/texmf-dist/fonts/type1/public/cm-super/sfrm0900.pfb><c:/texlive
/2021/texmf-dist/fonts/type1/public/cm-super/sfrm1095.pfb><c:/texlive/2021/texm
f-dist/fonts/type1/public/cm-super/sfrm1200.pfb><c:/texlive/2021/texmf-dist/fon
ts/type1/public/cm-super/sfrm1440.pfb><c:/texlive/2021/texmf-dist/fonts/type1/p
ublic/cm-super/sfrm1728.pfb><c:/texlive/2021/texmf-dist/fonts/type1/public/cm-s
uper/sftt1095.pfb><c:/texlive/2021/texmf-dist/fonts/type1/uhc/umj/umj01.pfb><c:
/texlive/2021/texmf-dist/fonts/type1/uhc/umj/umj02.pfb><c:/texlive/2021/texmf-d
ist/fonts/type1/uhc/umj/umj03.pfb>
Output written on test.pdf (27 pages, 3256027 bytes).
PDF statistics:
 564 PDF objects out of 1000 (max. 8388607)
 344 compressed objects within 4 object streams
 0 named destinations out of 1000 (max. 500000)
 1 words of extra memory for PDF output out of 10000 (max. 10000000)

